START
CMD_ECHO:START:MISSION_STARTED
CMD_ECHO:START:SYSTEM_ACTIVATED
LOG:[1151 $][1151 %][1151 {][1258 F][1258 I][1875 M][1877 P][1877 R][3377 .][3528 @][3591 D][9292 !][9300 D][9300 2][9300 }]
CAL_SENSORS
LOG:[17032 8][18048 :][19449 <][19449 ?][19449 2]
CAL_GYRO
LOG:[25855 :][25864 :][25864 2]
START_TX
046,29.04,1,0.1,957,28.8,0.00,0.00000,0.00000,0.0,0,0.0,0.0,0.0,0.0,0.0,0.0,0.0,0.0,0.0,0.0,2,0.0,0.0,0.0,0.0,0.0,0.0,0,0.0,0.1,-40.0,,[38330 [][38330 |][38339 2]
046,29.27,3,0.1,957,28.8,0.01,0.00000,0.00000,-1000.0,0,-0.0,0.0,0.5,-0.0,-0.0,-0.0,-0.0,-0.0,12.8,0.0,2,6.3,0.0,-0.1,-0.1,-0.1,0.0,2306,0.0,0.1,-40.0,,
046,29.27,3,0.1,957,28.8,0.01,0.00000,0.00000,-1000.0,0,-0.0,0.0,0.5,-0.0,-0.0,-0.0,-0.0,-0.0,12.8,0.0,2,6.3,0.0,-0.1,-0.1,-0.1,0.0,2306,0.0,0.1,-40.0,,
046,29.37,4,0.1,957,28.8,0.01,0.00000,0.00000,-1000.0,0,-0.0,0.0,0.5,-0.0,-0.0,-0.0,-0.0,-0.0,12.8,0.0,2,6.3,0.0,-0.1,-0.1,-0.1,0.0,2295,0.0,0.1,-40.0,,
STOP_TX
LOG:[47272 /][47281 2]
STATUS
CMD_ECHO:STATUS:OK,TIME:50234
LOG:[50234 2]
SD_INFO
CMD_ECHO:SD_DATA:DIR:Flight_046_3528,T_REC:71,L_REC:20,INIT:1
LOG:[55404 2]
RESET
CMD_ECHO:RESET:REQUESTED,SEND_RESET_CONFIRM_WITHIN_10S
LOG:[65269 6][65278 2]
SD_CLEAN
CMD_ECHO:SD_DATA:CLEAN:OK